2,3,0,false
successPoints cannot be negative,2147483647,0,true
successPoints cannot be negative,1453,9,true
234,failurePoints cannot be negative,powerCost cannot be negative,false
0,234,powerCost cannot be negative,true